ACG
ACME
ADELFE
Agate
ATL
AWKPrograms
XMorphLanguage_abstractSyntax
TroposActorConcept
Amble
Ant
AntScripts
AnyLogic
Architectural_Description
AsmL
BMM
BPEL
BPMN
IEEE1471ViewpointM2
Book
Bossa
BusinessEntityModel
BusinessProcessModel
CADM
CDE
CFG
COBOL
CORBAComponent
CPL
CPR
CSM
CWMCore
CWMRelationalData
MiningMart_ViewCaseRepresentation
ChocoModel
Class
ClassicModels
cmt.owl
Cocus.owl
CompanyStructure
ComponentUML
IEEE1471ConceptualModel
confOf.owl
confious.owl
Contact
ControllerUML
Cristal
crs_dr.owl
DSL
DSLtools
DSLModel
DTD
DTMP
DXF
MSVisio_DatadiagramMLBasicDef
MSVisio_DatadiagramMLSimplified
MSVisio_DatadiagramMLTextFormat
MSVisio_DatadiagramMLXForm
deployment
DiagramInterchange
DoDAF
DoDAF-OV5
DoDAF-SV4
DoDAF-SV5
DotNET_SystemReflection
EAI
EG
EQN
EXPRESS
EXPRESSb
EclipseLaunchConfigurations
EclipsePlugIn
edas.owl
ekaw.owl
Family
FeatureDiagrams
Automaton
FiniteStateMachine
FlatSignalFlow
GAIA
Grafcet
GUI
Gantt
GenericOutline
GenericEditor
GeoTrans
TroposGoalAndPlanConcepts
HAL
HPROF
HierarchicalSignalFlow
HierarchicalStateMachine
HybridAutomata
IMSTransactionMessage
IRL
iasted.owl
TroposIntegratingActorConcept
Jess
KDM
KDMSimplified
KM3
Klaper
LQN
LaTeX
M
Marte
MAS
Matlab
MSProject
MSProject2
MTRANS
Make
Mantis
Maude
MavenMaven
MavenProject
Measure
METAH
Metrics
MICRO.owl
MiningMart
MoDAF-AV
MonitorProgram
mlhim2
MoMM
MySQL
News
ODP-CV
ODP-NV
ODP-EV
ODP-IV
ODP-TV
OWL
OpenConf.owl
OpenQVT
PASSI
PDG
PIF
PRR
paperdyne.owl
Parameters
PathExp
PCS.owl
Perceptory
Person
GWPNV0
GWPNV1
GWPNV2
GWPNV3
GWPNV4
GWPNV5
PetriNet_extended
PluginEclipse
ProMarte
Problem
Program
Promenade
PtolemyII
Publication
QVT
QoS_Characteristic
QoS_Profile
QoS_Statement
QoS
RDFS
Relational
RelationalDBContent
RelationalDBSchema
Repository
Reqtify
RequisitePro
SBVRvoc
SCADE
SEE_Design
SPEM
SPL
SQLDDL
SQLDML
SWRC
Scilab
SecureUML
SeminarSchedulingSystem
Sharengo
sigkdd.owl
SignalFlow
SimpleAirlineDomain
useCase
WSLink
WTIP_SimpleClass
QVT_SimpleRDBMS
WTIP_SimpleRDBMS
SimpleSBVR
SimulinkStateFlow
Conference.owl
SoftwareQualityControl
MSOfficeExcel_SpreadsheetMLBasicDef
MSOfficeExcel_SpreadsheetMLPrintingSetup
MSOfficeExcel_SpreadsheetMLSimplified
MSOfficeExcel_SpreadsheetMLStyles
MSOfficeExcel_SpreadsheetMLWorkbookProp
MSOfficeExcel_SpreadsheetMLWorksheetOpt
SyncCharts
SysML
SDM
DeploymentReport
Table
TextualPathExp
Trace
UDDI_meta-model_fragment
UEML
UEMLExtended
UEMLExtensionCapturingAgents
UEMLExtensionCapturingSocialEffects
UEMLExtensionDynamicAspects
UEMLExtensionModelingAspects
USECASE1
USECASE2
UnifiedOntologyLanguage
UnixFS
UsiXML-task
WSDL
WebApplications_AbstractModel
WebApplications_ConceptualModel
WfMC
MSOfficeWord_WordprocessingMLBasicDef
MSOfficeWord_WordprocessingMLSimplified
MSOfficeWord_WordprocessingMLStyles
MSOfficeWord_WordprocessingMLTableElts
WorkDefinitions
XAML-Perspective
XAML-ResourceDictionary
ASM
XPDL-1.14
XSchema
XUL-Interactorl
bmmOmg
MiningMart_SimplifiedMetamodel
MiningMart_ViewDataRepresentation
ifc2x3
sbvrEclipse
sbvrOMG
