ACG
ACME
ADELFE
Agate
ATL
ATOM
AWKPrograms
XMorphLanguage_abstractSyntax
TroposActorConcept
Amble
Ant
AntScripts
AnyLogic
Architectural_Description
AsmL
BMM
BPEL
BPMN
IEEE1471ViewpointM2
Book
Bossa
Bugzilla
BusinessEntityModel
BusinessProcessModel
C
CSharp
CPP
CADM
CDE
CFG
CML
COBOL
CORBAComponent
CPL
CPR
CSM
CWMCore
CWMRelationalData
MiningMart_ViewCaseRepresentation
ChocoModel
Class
ClassicModels
cmt.owl
Cocus.owl
CompanyStructure
ComponentUML
IEEE1471ConceptualModel
confOf.owl
confious.owl
Contact
ControllerUML
Cristal
crs_dr.owl
DOT
DSL
DSLtools
DSLModel
DTD
DTMP
DXF
MSVisio_DatadiagramMLBasicDef
MSVisio_DatadiagramMLSimplified
MSVisio_DatadiagramMLTextFormat
MSVisio_DatadiagramMLXForm
deployment
DiagramInterchange
DoDAF
DoDAF-OV5
DoDAF-SV4
DoDAF-SV5
DocBook
DotNET_SystemReflection
EAI
EG
EQN
EXPRESS
EXPRESSb
EclipseLaunchConfigurations
EclipsePlugIn
edas.owl
ekaw.owl
Family
FeatureDiagrams
Automaton
FiniteStateMachine
FlatSignalFlow
GAIA
Grafcet
GUI
Gantt
GenericOutline
GenericEditor
GeoTrans
TroposGoalAndPlanConcepts
GraphML
GraphVizDot
HAL
HPROF
HTML
HierarchicalSignalFlow
HierarchicalStateMachine
HybridAutomata
IMSTransactionMessage
IRL
iasted.owl
TroposIntegratingActorConcept
J2SE5
Java-20040316
JAVA3
JavaProject
JavaAbstractSyntax
JavaSource
Jess
KDM
KDMSimplified
KM3
KML
Klaper
LQN
LaTeX
M
Marte
MAS
Matlab
MSProject
MSProject2
MTRANS
Make
Mantis
Maude
MavenMaven
MavenProject
Measure
METAH
Metrics
MICRO.owl
MiningMart
MoDAF-AV
MonitorProgram
mlhim2
MoMM
MySQL
News
OCCAM
ODP-CV
ODP-NV
ODP-EV
ODP-IV
ODP-TV
OWL
OpenConf.owl
OpenQVT
PASSI
PDG
PIF
PL1
PNML_modular
PNML_simplified
PNML_basic
PNML_structured
PRR
paperdyne.owl
Parameters
Pascal
PathExp
PCS.owl
Perceptory
Person
GWPNV0
GWPNV1
GWPNV2
GWPNV3
GWPNV4
GWPNV5
PetriNet
PetriNet_extended
PluginEclipse
ProMarte
Problem
Program
Promenade
PtolemyII
Publication
QVT
QoS_Characteristic
QoS_Profile
QoS_Statement
QoS
R2ML
RDFS
RSS-2.0
Relational
RelationalDBContent
RelationalDBSchema
Repository
Reqtify
RequisitePro
SBVRvoc
SCADE
SEE_Design
SPEM
SPL
SQLDDL
SQLDML
SVG
SWRC
Scilab
SecureUML
SeminarSchedulingSystem
Sharengo
sigkdd.owl
SignalFlow
SimpleAirlineDomain
useCase
WSLink
WTIP_SimpleClass
QVT_SimpleRDBMS
WTIP_SimpleRDBMS
SimpleSBVR
SimulinkStateFlow
Conference.owl
SoftwareQualityControl
MSOfficeExcel_SpreadsheetMLBasicDef
MSOfficeExcel_SpreadsheetMLPrintingSetup
MSOfficeExcel_SpreadsheetMLSimplified
MSOfficeExcel_SpreadsheetMLStyles
MSOfficeExcel_SpreadsheetMLWorkbookProp
MSOfficeExcel_SpreadsheetMLWorksheetOpt
Statecharts
SyncCharts
SysML
SDM
DeploymentReport
Table
TextualPathExp
Trace
UDDI_meta-model_fragment
UEML
UEMLExtended
UEMLExtensionCapturingAgents
UEMLExtensionCapturingSocialEffects
UEMLExtensionDynamicAspects
UEMLExtensionModelingAspects
UIML-3.0
USECASE1
USECASE2
UnifiedOntologyLanguage
UnixFS
UML_UseCases
UsiXML-task
vb
WSDL
WebApplications_AbstractModel
WebApplications_ConceptualModel
WfMC
WikiTable
MSOfficeWord_WordprocessingMLBasicDef
MSOfficeWord_WordprocessingMLSimplified
MSOfficeWord_WordprocessingMLStyles
MSOfficeWord_WordprocessingMLTableElts
WorkDefinitions
XAML-Perspective
XAML-ResourceDictionary
ASM
XHTML
XML
XPDL-1.14
XQuery
XSLT
XSchema
XUL-Interactorl
bmmOmg
MiningMart_SimplifiedMetamodel
MiningMart_ViewDataRepresentation
ebXML
ifc2x3
sbvrEclipse
sbvrOMG
µOCCAM
